Unity Editor version:    2022.3.57f1 (9d8bd91adc0a)
Branch:                  2022.3/staging
Build type:              Release
Batch mode:              YES
macOS version:           Version 15.5 (Build 24F74)
Darwin version:          24.5.0
Architecture:            arm64
Running under Rosetta:   NO
Available memory:        24576 MB
Using pre-set license
Pro License: YES

COMMAND LINE ARGUMENTS:
/Applications/Unity/Hub/Editor/2022.3.57f1/Unity.app/Contents/MacOS/Unity
-adb2
-batchMode
-noUpm
-name
AssetImportWorker2
-projectPath
/Users/physallia/Desktop/YesChef/YesChef
-logFile
Logs/AssetImportWorker2.log
-srvPort
58902
Successfully changed project path to: /Users/physallia/Desktop/YesChef/YesChef
/Users/physallia/Desktop/YesChef/YesChef
[UnityMemory] Configuration Parameters - Can be set up in boot.config
    "memorysetup-bucket-allocator-granularity=16"
    "memorysetup-bucket-allocator-bucket-count=8"
    "memorysetup-bucket-allocator-block-size=33554432"
    "memorysetup-bucket-allocator-block-count=8"
    "memorysetup-main-allocator-block-size=16777216"
    "memorysetup-thread-allocator-block-size=16777216"
    "memorysetup-gfx-main-allocator-block-size=16777216"
    "memorysetup-gfx-thread-allocator-block-size=16777216"
    "memorysetup-cache-allocator-block-size=4194304"
    "memorysetup-typetree-allocator-block-size=2097152"
    "memorysetup-profiler-bucket-allocator-granularity=16"
    "memorysetup-profiler-bucket-allocator-bucket-count=8"
    "memorysetup-profiler-bucket-allocator-block-size=33554432"
    "memorysetup-profiler-bucket-allocator-block-count=8"
    "memorysetup-profiler-allocator-block-size=16777216"
    "memorysetup-profiler-editor-allocator-block-size=1048576"
    "memorysetup-temp-allocator-size-main=16777216"
    "memorysetup-job-temp-allocator-block-size=2097152"
    "memorysetup-job-temp-allocator-block-size-background=1048576"
    "memorysetup-job-temp-allocator-reduction-small-platforms=262144"
    "memorysetup-allocator-temp-initial-block-size-main=262144"
    "memorysetup-allocator-temp-initial-block-size-worker=262144"
    "memorysetup-temp-allocator-size-background-worker=32768"
    "memorysetup-temp-allocator-size-job-worker=262144"
    "memorysetup-temp-allocator-size-preload-manager=33554432"
    "memorysetup-temp-allocator-size-nav-mesh-worker=65536"
    "memorysetup-temp-allocator-size-audio-worker=65536"
    "memorysetup-temp-allocator-size-cloud-worker=32768"
    "memorysetup-temp-allocator-size-gi-baking-worker=262144"
    "memorysetup-temp-allocator-size-gfx=262144"
Player connection [8432148224]  Target information:

Player connection [8432148224]  * "[IP] 192.168.1.78 [Port] 0 [Flags] 2 [Guid] 4056093366 [EditorId] 4056093366 [Version] 1048832 [Id] OSXEditor(0,physallias-MacBook-Pro.local) [Debug] 1 [PackageName] OSXEditor [ProjectName] Editor" 

Player connection [8432148224]  * "[IP] 10.66.152.243 [Port] 0 [Flags] 2 [Guid] 4056093366 [EditorId] 4056093366 [Version] 1048832 [Id] OSXEditor(0,physallias-MacBook-Pro.local) [Debug] 1 [PackageName] OSXEditor [ProjectName] Editor" 

Player connection [8432148224] Host joined multi-casting on [225.0.0.222:54997]...
Player connection [8432148224] Host joined alternative multi-casting on [225.0.0.222:34997]...
Input System module state changed to: Initialized.
[PhysX] Initialized MultithreadedTaskDispatcher with 12 workers.
Refreshing native plugins compatible for Editor in 7.69 ms, found 2 plugins.
Preloading 0 native plugins for Editor in 0.00 ms.
Initialize engine version: 2022.3.57f1 (9d8bd91adc0a)
[Subsystems] Discovering subsystems at path /Applications/Unity/Hub/Editor/2022.3.57f1/Unity.app/Contents/Resources/UnitySubsystems
[Subsystems] Discovering subsystems at path /Users/physallia/Desktop/YesChef/YesChef/Assets
GfxDevice: creating device client; threaded=0; jobified=0
 preferred device: Apple M4 Pro (high power)
Metal devices available: 1
0: Apple M4 Pro (high power)
Using device Apple M4 Pro (high power)
Initializing Metal device caps: Apple M4 Pro
Initialize mono
Mono path[0] = '/Applications/Unity/Hub/Editor/2022.3.57f1/Unity.app/Contents/Managed'
Mono path[1] = '/Applications/Unity/Hub/Editor/2022.3.57f1/Unity.app/Contents/MonoBleedingEdge/lib/mono/unityjit-macos'
Mono config path = '/Applications/Unity/Hub/Editor/2022.3.57f1/Unity.app/Contents/MonoBleedingEdge/etc'
Using monoOptions --debugger-agent=transport=dt_socket,embedding=1,server=y,suspend=n,address=127.0.0.1:56430
Begin MonoManager ReloadAssembly
Registering precompiled unity dll's ...
Register platform support module: /Applications/Unity/Hub/Editor/2022.3.57f1/Unity.app/Contents/PlaybackEngines/MacStandaloneSupport/UnityEditor.OSXStandalone.Extensions.dll
Register platform support module: /Applications/Unity/Hub/Editor/2022.3.57f1/PlaybackEngines/AndroidPlayer/UnityEditor.Android.Extensions.dll
Registered in 0.002167 seconds.
- Loaded All Assemblies, in  0.163 seconds
Native extension for Android target not found
Android Extension - Scanning For ADB Devices 45 ms
Native extension for OSXStandalone target not found
Mono: successfully reloaded assembly
- Finished resetting the current domain, in  0.157 seconds
Domain Reload Profiling: 320ms
	BeginReloadAssembly (54ms)
		ExecutionOrderSort (0ms)
		DisableScriptedObjects (0ms)
		BackupInstance (0ms)
		ReleaseScriptingObjects (0ms)
		CreateAndSetChildDomain (0ms)
	RebuildCommonClasses (15ms)
	RebuildNativeTypeToScriptingClass (5ms)
	initialDomainReloadingComplete (21ms)
	LoadAllAssembliesAndSetupDomain (68ms)
		LoadAssemblies (55ms)
		RebuildTransferFunctionScriptingTraits (0ms)
		AnalyzeDomain (66ms)
			TypeCache.Refresh (65ms)
				TypeCache.ScanAssembly (59ms)
			ScanForSourceGeneratedMonoScriptInfo (0ms)
			ResolveRequiredComponents (0ms)
	FinalizeReload (157ms)
		ReleaseScriptCaches (0ms)
		RebuildScriptCaches (0ms)
		SetupLoadedEditorAssemblies (138ms)
			LogAssemblyErrors (0ms)
			InitializePlatformSupportModulesInManaged (80ms)
			SetLoadedEditorAssemblies (2ms)
			RefreshPlugins (0ms)
			BeforeProcessingInitializeOnLoad (1ms)
			ProcessInitializeOnLoadAttributes (40ms)
			ProcessInitializeOnLoadMethodAttributes (15ms)
			AfterProcessingInitializeOnLoad (0ms)
			EditorAssembliesLoaded (0ms)
		ExecutionOrderSort2 (0ms)
		AwakeInstancesAfterBackupRestoration (0ms)
========================================================================
Worker process is ready to serve import requests
Caller must complete domain reload
Begin MonoManager ReloadAssembly
- Loaded All Assemblies, in  0.254 seconds
Native extension for Android target not found
Native extension for OSXStandalone target not found
Mono: successfully reloaded assembly
- Finished resetting the current domain, in  0.264 seconds
Domain Reload Profiling: 519ms
	BeginReloadAssembly (50ms)
		ExecutionOrderSort (0ms)
		DisableScriptedObjects (2ms)
		BackupInstance (0ms)
		ReleaseScriptingObjects (0ms)
		CreateAndSetChildDomain (12ms)
	RebuildCommonClasses (15ms)
	RebuildNativeTypeToScriptingClass (5ms)
	initialDomainReloadingComplete (16ms)
	LoadAllAssembliesAndSetupDomain (169ms)
		LoadAssemblies (111ms)
		RebuildTransferFunctionScriptingTraits (0ms)
		AnalyzeDomain (79ms)
			TypeCache.Refresh (71ms)
				TypeCache.ScanAssembly (62ms)
			ScanForSourceGeneratedMonoScriptInfo (5ms)
			ResolveRequiredComponents (2ms)
	FinalizeReload (264ms)
		ReleaseScriptCaches (0ms)
		RebuildScriptCaches (0ms)
		SetupLoadedEditorAssemblies (199ms)
			LogAssemblyErrors (0ms)
			InitializePlatformSupportModulesInManaged (5ms)
			SetLoadedEditorAssemblies (2ms)
			RefreshPlugins (0ms)
			BeforeProcessingInitializeOnLoad (22ms)
			ProcessInitializeOnLoadAttributes (161ms)
			ProcessInitializeOnLoadMethodAttributes (8ms)
			AfterProcessingInitializeOnLoad (0ms)
			EditorAssembliesLoaded (0ms)
		ExecutionOrderSort2 (0ms)
		AwakeInstancesAfterBackupRestoration (1ms)
Launching external process: /Applications/Unity/Hub/Editor/2022.3.57f1/Unity.app/Contents/Tools/UnityShaderCompiler
Launched and connected shader compiler UnityShaderCompiler after 0.02 seconds
Refreshing native plugins compatible for Editor in 0.49 ms, found 2 plugins.
Preloading 0 native plugins for Editor in 0.00 ms.
Unloading 3103 Unused Serialized files (Serialized files now loaded: 0)
Unloading 19 unused Assets / (48.5 KB). Loaded Objects now: 3571.
Memory consumption went from 125.1 MB to 125.1 MB.
Total: 1.750417 ms (FindLiveObjects: 0.061542 ms CreateObjectMapping: 0.023125 ms MarkObjects: 1.604500 ms  DeleteObjects: 0.060833 ms)

AssetImportParameters requested are different than current active one (requested -> active):
  custom:container-demuxer-ogg: 62fdf1f143b41e24485cea50d1cbac27 -> 
  custom:video-decoder-ogg-theora: a1e56fd34408186e4bbccfd4996cb3dc -> 
  custom:CustomObjectIndexerAttribute: 9a22284fe3817be447336de3de66b15e -> 
  custom:container-demuxer-webm: 4f35f7cbe854078d1ac9338744f61a02 -> 
  custom:container-muxer-webm: aa71ff27fc2769a1b78a27578f13a17b -> 
  custom:video-decoder-webm-vp8: 9c59270c3fd7afecdb556c50c9e8de78 -> 
  custom:SearchIndexIgnoredProperties: e643bd26f0fe6173181afceb89e7c659 -> 
  custom:AudioImporter_EditorPlatform: 3918e3fc78b5a79bad01e8451be0beb8 -> 
  custom:framework-osx-AVFoundation: e770b220cccbd017edd2c1fefb359320 -> 
  custom:video-encoder-webm-vp8: eb34c28f22e8b96e1ab97ce403110664 -> 
  custom:audio-decoder-ogg-vorbis: bf7c407c2cedff20999df2af8eb42d56 -> 
  custom:audio-encoder-webm-vorbis: bf7c407c2cedff20999df2af8eb42d56 -> 
========================================================================
Received Import Request.
  Time since last request: 64610.891510 seconds.
  path: Assets/Art/KayKit_Restaurant_Bits_1.0_FREE/Assets/fbx (unity)/food_ingredient_onion.fbx
  artifactKey: Guid(f5bf1a02cfeb24244b35302f5f06d5c2) Importer(815301076,1909f56bfc062723c751e8b465ee728b)
Start importing Assets/Art/KayKit_Restaurant_Bits_1.0_FREE/Assets/fbx (unity)/food_ingredient_onion.fbx using Guid(f5bf1a02cfeb24244b35302f5f06d5c2) Importer(815301076,1909f56bfc062723c751e8b465ee728b) [PhysX] Initialized MultithreadedTaskDispatcher with 12 workers.
[PhysX] Initialized MultithreadedTaskDispatcher with 12 workers.
[PhysX] Initialized MultithreadedTaskDispatcher with 12 workers.
[PhysX] Initialized MultithreadedTaskDispatcher with 12 workers.
 -> (artifact id: '199b69062f84e70bbed28a2e607a24ba') in 0.159746 seconds
Number of updated asset objects reloaded before import = 0
Number of asset objects unloaded after import = 9
========================================================================
Received Import Request.
  Time since last request: 0.000028 seconds.
  path: Assets/Art/KayKit_Restaurant_Bits_1.0_FREE/Assets/fbx (unity)/jar_B_large.fbx
  artifactKey: Guid(fdfd4fc98edae4aabbec589ef3da0b49) Importer(815301076,1909f56bfc062723c751e8b465ee728b)
Start importing Assets/Art/KayKit_Restaurant_Bits_1.0_FREE/Assets/fbx (unity)/jar_B_large.fbx using Guid(fdfd4fc98edae4aabbec589ef3da0b49) Importer(815301076,1909f56bfc062723c751e8b465ee728b) [PhysX] Initialized MultithreadedTaskDispatcher with 12 workers.
[PhysX] Initialized MultithreadedTaskDispatcher with 12 workers.
[PhysX] Initialized MultithreadedTaskDispatcher with 12 workers.
[PhysX] Initialized MultithreadedTaskDispatcher with 12 workers.
 -> (artifact id: '84a60261add4536da708cafbdb8e92fe') in 0.007946 seconds
Number of updated asset objects reloaded before import = 0
Number of asset objects unloaded after import = 9
========================================================================
Received Import Request.
  Time since last request: 0.000056 seconds.
  path: Assets/Art/KayKit_Restaurant_Bits_1.0_FREE/Assets/fbx (unity)/fridge_B.fbx
  artifactKey: Guid(98e1b6078401441f083cd43a71a0a7b6) Importer(815301076,1909f56bfc062723c751e8b465ee728b)
Start importing Assets/Art/KayKit_Restaurant_Bits_1.0_FREE/Assets/fbx (unity)/fridge_B.fbx using Guid(98e1b6078401441f083cd43a71a0a7b6) Importer(815301076,1909f56bfc062723c751e8b465ee728b) [PhysX] Initialized MultithreadedTaskDispatcher with 12 workers.
[PhysX] Initialized MultithreadedTaskDispatcher with 12 workers.
[PhysX] Initialized MultithreadedTaskDispatcher with 12 workers.
[PhysX] Initialized MultithreadedTaskDispatcher with 12 workers.
[PhysX] Initialized MultithreadedTaskDispatcher with 12 workers.
[PhysX] Initialized MultithreadedTaskDispatcher with 12 workers.
 -> (artifact id: '9e9988ffd2c8b6fa1bc3a9e4a09973a6') in 0.011533 seconds
Number of updated asset objects reloaded before import = 0
Number of asset objects unloaded after import = 14
========================================================================
Received Import Request.
  Time since last request: 0.817458 seconds.
  path: Assets/Art/KayKit_Restaurant_Bits_1.0_FREE/Assets/fbx (unity)/jar_B_medium.fbx
  artifactKey: Guid(e8db0b0d0e46242639f6704c7a1bdb86) Importer(815301076,1909f56bfc062723c751e8b465ee728b)
Start importing Assets/Art/KayKit_Restaurant_Bits_1.0_FREE/Assets/fbx (unity)/jar_B_medium.fbx using Guid(e8db0b0d0e46242639f6704c7a1bdb86) Importer(815301076,1909f56bfc062723c751e8b465ee728b) [PhysX] Initialized MultithreadedTaskDispatcher with 12 workers.
[PhysX] Initialized MultithreadedTaskDispatcher with 12 workers.
[PhysX] Initialized MultithreadedTaskDispatcher with 12 workers.
[PhysX] Initialized MultithreadedTaskDispatcher with 12 workers.
 -> (artifact id: '7c1271137f1d54e7d9ceb8c71625995b') in 0.009261 seconds
Number of updated asset objects reloaded before import = 0
Number of asset objects unloaded after import = 9
========================================================================
Received Import Request.
  Time since last request: 0.000045 seconds.
  path: Assets/Art/KayKit_Restaurant_Bits_1.0_FREE/Assets/fbx (unity)/kitchencabinet.fbx
  artifactKey: Guid(acd1cf86cc80940f09ba2dbd159d29e7) Importer(815301076,1909f56bfc062723c751e8b465ee728b)
Start importing Assets/Art/KayKit_Restaurant_Bits_1.0_FREE/Assets/fbx (unity)/kitchencabinet.fbx using Guid(acd1cf86cc80940f09ba2dbd159d29e7) Importer(815301076,1909f56bfc062723c751e8b465ee728b) [PhysX] Initialized MultithreadedTaskDispatcher with 12 workers.
[PhysX] Initialized MultithreadedTaskDispatcher with 12 workers.
[PhysX] Initialized MultithreadedTaskDispatcher with 12 workers.
[PhysX] Initialized MultithreadedTaskDispatcher with 12 workers.
 -> (artifact id: 'cb2e329643dfc930244db5489d7747ec') in 0.008075 seconds
Number of updated asset objects reloaded before import = 0
Number of asset objects unloaded after import = 9
========================================================================
Received Import Request.
  Time since last request: 0.000045 seconds.
  path: Assets/Art/KayKit_Restaurant_Bits_1.0_FREE/Assets/fbx (unity)/jar_D_large.fbx
  artifactKey: Guid(7d8fefdb422954661b56c3a9eb1ed44f) Importer(815301076,1909f56bfc062723c751e8b465ee728b)
Start importing Assets/Art/KayKit_Restaurant_Bits_1.0_FREE/Assets/fbx (unity)/jar_D_large.fbx using Guid(7d8fefdb422954661b56c3a9eb1ed44f) Importer(815301076,1909f56bfc062723c751e8b465ee728b) [PhysX] Initialized MultithreadedTaskDispatcher with 12 workers.
[PhysX] Initialized MultithreadedTaskDispatcher with 12 workers.
[PhysX] Initialized MultithreadedTaskDispatcher with 12 workers.
[PhysX] Initialized MultithreadedTaskDispatcher with 12 workers.
 -> (artifact id: 'c3c5c401651f59b8beefc1b46e58b40d') in 0.008237 seconds
Number of updated asset objects reloaded before import = 0
Number of asset objects unloaded after import = 9
========================================================================
Received Import Request.
  Time since last request: 0.000082 seconds.
  path: Assets/Art/KayKit_Restaurant_Bits_1.0_FREE/Assets/fbx (unity)/jar_C_medium.fbx
  artifactKey: Guid(985e303e226834f30be4f2cf8992abc7) Importer(815301076,1909f56bfc062723c751e8b465ee728b)
Start importing Assets/Art/KayKit_Restaurant_Bits_1.0_FREE/Assets/fbx (unity)/jar_C_medium.fbx using Guid(985e303e226834f30be4f2cf8992abc7) Importer(815301076,1909f56bfc062723c751e8b465ee728b) [PhysX] Initialized MultithreadedTaskDispatcher with 12 workers.
[PhysX] Initialized MultithreadedTaskDispatcher with 12 workers.
[PhysX] Initialized MultithreadedTaskDispatcher with 12 workers.
[PhysX] Initialized MultithreadedTaskDispatcher with 12 workers.
 -> (artifact id: '6e85d99f167dda993cf50901fa692399') in 0.007963 seconds
Number of updated asset objects reloaded before import = 0
Number of asset objects unloaded after import = 9
========================================================================
Received Import Request.
  Time since last request: 0.292238 seconds.
  path: Assets/Art/KayKit_Restaurant_Bits_1.0_FREE/Assets/fbx (unity)/kitchencabinet_corner_half.fbx
  artifactKey: Guid(1171b65d927e64f43a946cf2d23e9f27) Importer(815301076,1909f56bfc062723c751e8b465ee728b)
Start importing Assets/Art/KayKit_Restaurant_Bits_1.0_FREE/Assets/fbx (unity)/kitchencabinet_corner_half.fbx using Guid(1171b65d927e64f43a946cf2d23e9f27) Importer(815301076,1909f56bfc062723c751e8b465ee728b) [PhysX] Initialized MultithreadedTaskDispatcher with 12 workers.
[PhysX] Initialized MultithreadedTaskDispatcher with 12 workers.
[PhysX] Initialized MultithreadedTaskDispatcher with 12 workers.
[PhysX] Initialized MultithreadedTaskDispatcher with 12 workers.
 -> (artifact id: '198aecf50637269f4deafcb34d2133f3') in 0.009184 seconds
Number of updated asset objects reloaded before import = 0
Number of asset objects unloaded after import = 9
========================================================================
Received Import Request.
  Time since last request: 0.000058 seconds.
  path: Assets/Art/KayKit_Restaurant_Bits_1.0_FREE/Assets/fbx (unity)/kitchencounter_outercorner_backsplash.fbx
  artifactKey: Guid(90cb9bd81d15c4435b5508ffa085d2e4) Importer(815301076,1909f56bfc062723c751e8b465ee728b)
Start importing Assets/Art/KayKit_Restaurant_Bits_1.0_FREE/Assets/fbx (unity)/kitchencounter_outercorner_backsplash.fbx using Guid(90cb9bd81d15c4435b5508ffa085d2e4) Importer(815301076,1909f56bfc062723c751e8b465ee728b) [PhysX] Initialized MultithreadedTaskDispatcher with 12 workers.
[PhysX] Initialized MultithreadedTaskDispatcher with 12 workers.
[PhysX] Initialized MultithreadedTaskDispatcher with 12 workers.
[PhysX] Initialized MultithreadedTaskDispatcher with 12 workers.
 -> (artifact id: '194183ba7d7fb224b025d16f26f010e7') in 0.007569 seconds
Number of updated asset objects reloaded before import = 0
Number of asset objects unloaded after import = 9
========================================================================
Received Import Request.
  Time since last request: 0.000082 seconds.
  path: Assets/Art/KayKit_Restaurant_Bits_1.0_FREE/Assets/fbx (unity)/kitchencounter_sink_backsplash.fbx
  artifactKey: Guid(47e11b57a5f394f749f06918bc56a2a1) Importer(815301076,1909f56bfc062723c751e8b465ee728b)
Start importing Assets/Art/KayKit_Restaurant_Bits_1.0_FREE/Assets/fbx (unity)/kitchencounter_sink_backsplash.fbx using Guid(47e11b57a5f394f749f06918bc56a2a1) Importer(815301076,1909f56bfc062723c751e8b465ee728b) [PhysX] Initialized MultithreadedTaskDispatcher with 12 workers.
[PhysX] Initialized MultithreadedTaskDispatcher with 12 workers.
[PhysX] Initialized MultithreadedTaskDispatcher with 12 workers.
[PhysX] Initialized MultithreadedTaskDispatcher with 12 workers.
 -> (artifact id: '9aa997739df7d6fb0573d25bb81c088e') in 0.007934 seconds
Number of updated asset objects reloaded before import = 0
Number of asset objects unloaded after import = 9
========================================================================
Received Import Request.
  Time since last request: 0.000059 seconds.
  path: Assets/Art/KayKit_Restaurant_Bits_1.0_FREE/Assets/fbx (unity)/kitchencounter_straight_A_backsplash.fbx
  artifactKey: Guid(c156d9f8daff7420fa52a55e5e60b64c) Importer(815301076,1909f56bfc062723c751e8b465ee728b)
Start importing Assets/Art/KayKit_Restaurant_Bits_1.0_FREE/Assets/fbx (unity)/kitchencounter_straight_A_backsplash.fbx using Guid(c156d9f8daff7420fa52a55e5e60b64c) Importer(815301076,1909f56bfc062723c751e8b465ee728b) [PhysX] Initialized MultithreadedTaskDispatcher with 12 workers.
[PhysX] Initialized MultithreadedTaskDispatcher with 12 workers.
[PhysX] Initialized MultithreadedTaskDispatcher with 12 workers.
[PhysX] Initialized MultithreadedTaskDispatcher with 12 workers.
 -> (artifact id: 'b9db74958fb8403c78189fe2ce709b21') in 0.007428 seconds
Number of updated asset objects reloaded before import = 0
Number of asset objects unloaded after import = 9
========================================================================
Received Import Request.
  Time since last request: 1.643673 seconds.
  path: Assets/Art/KayKit_Restaurant_Bits_1.0_FREE/Assets/fbx (unity)/kitchencounter_straight_B.fbx
  artifactKey: Guid(e64ee47845aba44088b73f0795536fb4) Importer(815301076,1909f56bfc062723c751e8b465ee728b)
Start importing Assets/Art/KayKit_Restaurant_Bits_1.0_FREE/Assets/fbx (unity)/kitchencounter_straight_B.fbx using Guid(e64ee47845aba44088b73f0795536fb4) Importer(815301076,1909f56bfc062723c751e8b465ee728b) [PhysX] Initialized MultithreadedTaskDispatcher with 12 workers.
[PhysX] Initialized MultithreadedTaskDispatcher with 12 workers.
[PhysX] Initialized MultithreadedTaskDispatcher with 12 workers.
[PhysX] Initialized MultithreadedTaskDispatcher with 12 workers.
 -> (artifact id: '4777441a75b432d688f10e3d072853b8') in 0.014436 seconds
Number of updated asset objects reloaded before import = 0
Number of asset objects unloaded after import = 9
========================================================================
Received Import Request.
  Time since last request: 0.000105 seconds.
  path: Assets/Art/KayKit_Restaurant_Bits_1.0_FREE/Assets/fbx (unity)/kitchentable_sink_large.fbx
  artifactKey: Guid(5c0a3f8c8d02a4b0db1ba8dad3b0c8e7) Importer(815301076,1909f56bfc062723c751e8b465ee728b)
Start importing Assets/Art/KayKit_Restaurant_Bits_1.0_FREE/Assets/fbx (unity)/kitchentable_sink_large.fbx using Guid(5c0a3f8c8d02a4b0db1ba8dad3b0c8e7) Importer(815301076,1909f56bfc062723c751e8b465ee728b) [PhysX] Initialized MultithreadedTaskDispatcher with 12 workers.
[PhysX] Initialized MultithreadedTaskDispatcher with 12 workers.
[PhysX] Initialized MultithreadedTaskDispatcher with 12 workers.
[PhysX] Initialized MultithreadedTaskDispatcher with 12 workers.
 -> (artifact id: 'dacf86dad98d7070b7eaf1dc17f32709') in 0.007309 seconds
Number of updated asset objects reloaded before import = 0
Number of asset objects unloaded after import = 9
========================================================================
Received Import Request.
  Time since last request: 0.000042 seconds.
  path: Assets/Art/KayKit_Restaurant_Bits_1.0_FREE/Assets/fbx (unity)/kitchentable_A.fbx
  artifactKey: Guid(f929922c4af2a476abc47ebc4ada2299) Importer(815301076,1909f56bfc062723c751e8b465ee728b)
Start importing Assets/Art/KayKit_Restaurant_Bits_1.0_FREE/Assets/fbx (unity)/kitchentable_A.fbx using Guid(f929922c4af2a476abc47ebc4ada2299) Importer(815301076,1909f56bfc062723c751e8b465ee728b) [PhysX] Initialized MultithreadedTaskDispatcher with 12 workers.
[PhysX] Initialized MultithreadedTaskDispatcher with 12 workers.
[PhysX] Initialized MultithreadedTaskDispatcher with 12 workers.
[PhysX] Initialized MultithreadedTaskDispatcher with 12 workers.
 -> (artifact id: '9b92cece02f6053c9e69e8e7a63ce491') in 0.007381 seconds
Number of updated asset objects reloaded before import = 0
Number of asset objects unloaded after import = 9
========================================================================
Received Import Request.
  Time since last request: 0.000032 seconds.
  path: Assets/Art/KayKit_Restaurant_Bits_1.0_FREE/Assets/fbx (unity)/kitchentable_B.fbx
  artifactKey: Guid(73b9de76cd72a481a9ac97d7be671fb2) Importer(815301076,1909f56bfc062723c751e8b465ee728b)
Start importing Assets/Art/KayKit_Restaurant_Bits_1.0_FREE/Assets/fbx (unity)/kitchentable_B.fbx using Guid(73b9de76cd72a481a9ac97d7be671fb2) Importer(815301076,1909f56bfc062723c751e8b465ee728b) [PhysX] Initialized MultithreadedTaskDispatcher with 12 workers.
[PhysX] Initialized MultithreadedTaskDispatcher with 12 workers.
[PhysX] Initialized MultithreadedTaskDispatcher with 12 workers.
[PhysX] Initialized MultithreadedTaskDispatcher with 12 workers.
 -> (artifact id: '3af6bfa3a5bd11ef3716dc6cb419700a') in 0.007173 seconds
Number of updated asset objects reloaded before import = 0
Number of asset objects unloaded after import = 9
========================================================================
Received Import Request.
  Time since last request: 0.247156 seconds.
  path: Assets/Art/KayKit_Restaurant_Bits_1.0_FREE/Assets/fbx (unity)/knife.fbx
  artifactKey: Guid(8ff1f56e5cd7243d6972207500bd5025) Importer(815301076,1909f56bfc062723c751e8b465ee728b)
Start importing Assets/Art/KayKit_Restaurant_Bits_1.0_FREE/Assets/fbx (unity)/knife.fbx using Guid(8ff1f56e5cd7243d6972207500bd5025) Importer(815301076,1909f56bfc062723c751e8b465ee728b) [PhysX] Initialized MultithreadedTaskDispatcher with 12 workers.
[PhysX] Initialized MultithreadedTaskDispatcher with 12 workers.
[PhysX] Initialized MultithreadedTaskDispatcher with 12 workers.
[PhysX] Initialized MultithreadedTaskDispatcher with 12 workers.
 -> (artifact id: '792f5765f1aa947f81f2b2d10d6bb884') in 0.008197 seconds
Number of updated asset objects reloaded before import = 0
Number of asset objects unloaded after import = 9
========================================================================
Received Import Request.
  Time since last request: 0.000087 seconds.
  path: Assets/Art/KayKit_Restaurant_Bits_1.0_FREE/Assets/fbx (unity)/papertowel.fbx
  artifactKey: Guid(ce10c15e7e2bb439ab8882242a0e1abf) Importer(815301076,1909f56bfc062723c751e8b465ee728b)
Start importing Assets/Art/KayKit_Restaurant_Bits_1.0_FREE/Assets/fbx (unity)/papertowel.fbx using Guid(ce10c15e7e2bb439ab8882242a0e1abf) Importer(815301076,1909f56bfc062723c751e8b465ee728b) [PhysX] Initialized MultithreadedTaskDispatcher with 12 workers.
[PhysX] Initialized MultithreadedTaskDispatcher with 12 workers.
[PhysX] Initialized MultithreadedTaskDispatcher with 12 workers.
[PhysX] Initialized MultithreadedTaskDispatcher with 12 workers.
 -> (artifact id: '10d50085ad3905f28adf2d9e6fe42b3c') in 0.008396 seconds
Number of updated asset objects reloaded before import = 0
Number of asset objects unloaded after import = 9
========================================================================
Received Import Request.
  Time since last request: 0.000034 seconds.
  path: Assets/Art/KayKit_Restaurant_Bits_1.0_FREE/Assets/fbx (unity)/mustard.fbx
  artifactKey: Guid(1065ff573dde546b98aa6911798c80cd) Importer(815301076,1909f56bfc062723c751e8b465ee728b)
Start importing Assets/Art/KayKit_Restaurant_Bits_1.0_FREE/Assets/fbx (unity)/mustard.fbx using Guid(1065ff573dde546b98aa6911798c80cd) Importer(815301076,1909f56bfc062723c751e8b465ee728b) [PhysX] Initialized MultithreadedTaskDispatcher with 12 workers.
[PhysX] Initialized MultithreadedTaskDispatcher with 12 workers.
[PhysX] Initialized MultithreadedTaskDispatcher with 12 workers.
[PhysX] Initialized MultithreadedTaskDispatcher with 12 workers.
 -> (artifact id: 'f7e0043920f360b1a84f14bf80f21cd0') in 0.007883 seconds
Number of updated asset objects reloaded before import = 0
Number of asset objects unloaded after import = 9
========================================================================
Received Import Request.
  Time since last request: 0.000037 seconds.
  path: Assets/Art/KayKit_Restaurant_Bits_1.0_FREE/Assets/fbx (unity)/pan_B.fbx
  artifactKey: Guid(12f1c46673cb9463ab0525f666b56b03) Importer(815301076,1909f56bfc062723c751e8b465ee728b)
Start importing Assets/Art/KayKit_Restaurant_Bits_1.0_FREE/Assets/fbx (unity)/pan_B.fbx using Guid(12f1c46673cb9463ab0525f666b56b03) Importer(815301076,1909f56bfc062723c751e8b465ee728b) [PhysX] Initialized MultithreadedTaskDispatcher with 12 workers.
[PhysX] Initialized MultithreadedTaskDispatcher with 12 workers.
[PhysX] Initialized MultithreadedTaskDispatcher with 12 workers.
[PhysX] Initialized MultithreadedTaskDispatcher with 12 workers.
 -> (artifact id: 'a9b7aaace29783ed4e7df6ad976e6084') in 0.007305 seconds
Number of updated asset objects reloaded before import = 0
Number of asset objects unloaded after import = 9
========================================================================
Received Import Request.
  Time since last request: 20.100412 seconds.
  path: Assets/Art/KayKit_Restaurant_Bits_1.0_FREE/Assets/fbx (unity)/pillar_A.fbx
  artifactKey: Guid(fab127832c8f544caaf1495c372481a0) Importer(815301076,1909f56bfc062723c751e8b465ee728b)
Start importing Assets/Art/KayKit_Restaurant_Bits_1.0_FREE/Assets/fbx (unity)/pillar_A.fbx using Guid(fab127832c8f544caaf1495c372481a0) Importer(815301076,1909f56bfc062723c751e8b465ee728b) [PhysX] Initialized MultithreadedTaskDispatcher with 12 workers.
[PhysX] Initialized MultithreadedTaskDispatcher with 12 workers.
[PhysX] Initialized MultithreadedTaskDispatcher with 12 workers.
[PhysX] Initialized MultithreadedTaskDispatcher with 12 workers.
 -> (artifact id: 'bcbfe27aecdc8e8e333eabdbc9bc964d') in 0.012920 seconds
Number of updated asset objects reloaded before import = 0
Number of asset objects unloaded after import = 9
========================================================================
Received Import Request.
  Time since last request: 0.000074 seconds.
  path: Assets/Art/KayKit_Restaurant_Bits_1.0_FREE/Assets/fbx (unity)/plate_dirty.fbx
  artifactKey: Guid(a9d6645afb20949678e971dd5c64db67) Importer(815301076,1909f56bfc062723c751e8b465ee728b)
Start importing Assets/Art/KayKit_Restaurant_Bits_1.0_FREE/Assets/fbx (unity)/plate_dirty.fbx using Guid(a9d6645afb20949678e971dd5c64db67) Importer(815301076,1909f56bfc062723c751e8b465ee728b) [PhysX] Initialized MultithreadedTaskDispatcher with 12 workers.
[PhysX] Initialized MultithreadedTaskDispatcher with 12 workers.
[PhysX] Initialized MultithreadedTaskDispatcher with 12 workers.
[PhysX] Initialized MultithreadedTaskDispatcher with 12 workers.
 -> (artifact id: '3f1daa5d2fe60b6173d852b996c0625b') in 0.008303 seconds
Number of updated asset objects reloaded before import = 0
Number of asset objects unloaded after import = 9
========================================================================
Received Import Request.
  Time since last request: 0.000034 seconds.
  path: Assets/Art/KayKit_Restaurant_Bits_1.0_FREE/Assets/fbx (unity)/plate_small.fbx
  artifactKey: Guid(c9ad9446b86674fe5bd7255f6acc3c2e) Importer(815301076,1909f56bfc062723c751e8b465ee728b)
Start importing Assets/Art/KayKit_Restaurant_Bits_1.0_FREE/Assets/fbx (unity)/plate_small.fbx using Guid(c9ad9446b86674fe5bd7255f6acc3c2e) Importer(815301076,1909f56bfc062723c751e8b465ee728b) [PhysX] Initialized MultithreadedTaskDispatcher with 12 workers.
[PhysX] Initialized MultithreadedTaskDispatcher with 12 workers.
[PhysX] Initialized MultithreadedTaskDispatcher with 12 workers.
[PhysX] Initialized MultithreadedTaskDispatcher with 12 workers.
 -> (artifact id: '2514e87be3bb15ad241142fbb1af0773') in 0.006528 seconds
Number of updated asset objects reloaded before import = 0
Number of asset objects unloaded after import = 9
========================================================================
Received Import Request.
  Time since last request: 0.000042 seconds.
  path: Assets/Art/KayKit_Restaurant_Bits_1.0_FREE/Assets/fbx (unity)/stew_pot.fbx
  artifactKey: Guid(7e821fb6cb9784d41b30c130802d8d3c) Importer(815301076,1909f56bfc062723c751e8b465ee728b)
Start importing Assets/Art/KayKit_Restaurant_Bits_1.0_FREE/Assets/fbx (unity)/stew_pot.fbx using Guid(7e821fb6cb9784d41b30c130802d8d3c) Importer(815301076,1909f56bfc062723c751e8b465ee728b) [PhysX] Initialized MultithreadedTaskDispatcher with 12 workers.
[PhysX] Initialized MultithreadedTaskDispatcher with 12 workers.
[PhysX] Initialized MultithreadedTaskDispatcher with 12 workers.
[PhysX] Initialized MultithreadedTaskDispatcher with 12 workers.
 -> (artifact id: 'c61b51fbbff2c463f233bc6d0173a76b') in 0.007207 seconds
Number of updated asset objects reloaded before import = 0
Number of asset objects unloaded after import = 9
========================================================================
Received Import Request.
  Time since last request: 0.000051 seconds.
  path: Assets/Art/KayKit_Restaurant_Bits_1.0_FREE/Assets/fbx (unity)/stove_multi_countertop.fbx
  artifactKey: Guid(7b31c66882cc0479e9ac29e42da4f5a9) Importer(815301076,1909f56bfc062723c751e8b465ee728b)
Start importing Assets/Art/KayKit_Restaurant_Bits_1.0_FREE/Assets/fbx (unity)/stove_multi_countertop.fbx using Guid(7b31c66882cc0479e9ac29e42da4f5a9) Importer(815301076,1909f56bfc062723c751e8b465ee728b) [PhysX] Initialized MultithreadedTaskDispatcher with 12 workers.
[PhysX] Initialized MultithreadedTaskDispatcher with 12 workers.
[PhysX] Initialized MultithreadedTaskDispatcher with 12 workers.
[PhysX] Initialized MultithreadedTaskDispatcher with 12 workers.
 -> (artifact id: '5cc549fc0430f1398a74e41a476eecd9') in 0.007216 seconds
Number of updated asset objects reloaded before import = 0
Number of asset objects unloaded after import = 9
========================================================================
Received Import Request.
  Time since last request: 0.000057 seconds.
  path: Assets/Art/KayKit_Restaurant_Bits_1.0_FREE/Assets/fbx (unity)/stove_multi_decorated.fbx
  artifactKey: Guid(2e9130a352a804e28bde5770a552770c) Importer(815301076,1909f56bfc062723c751e8b465ee728b)
Start importing Assets/Art/KayKit_Restaurant_Bits_1.0_FREE/Assets/fbx (unity)/stove_multi_decorated.fbx using Guid(2e9130a352a804e28bde5770a552770c) Importer(815301076,1909f56bfc062723c751e8b465ee728b) [PhysX] Initialized MultithreadedTaskDispatcher with 12 workers.
[PhysX] Initialized MultithreadedTaskDispatcher with 12 workers.
[PhysX] Initialized MultithreadedTaskDispatcher with 12 workers.
[PhysX] Initialized MultithreadedTaskDispatcher with 12 workers.
 -> (artifact id: 'b0f0977419c1dda477ee219f520442bd') in 0.006657 seconds
Number of updated asset objects reloaded before import = 0
Number of asset objects unloaded after import = 9
========================================================================
Received Import Request.
  Time since last request: 0.000036 seconds.
  path: Assets/Art/KayKit_Restaurant_Bits_1.0_FREE/Assets/fbx (unity)/wall_window_closed.fbx
  artifactKey: Guid(937b97f0c455f479999aebb384dc6600) Importer(815301076,1909f56bfc062723c751e8b465ee728b)
Start importing Assets/Art/KayKit_Restaurant_Bits_1.0_FREE/Assets/fbx (unity)/wall_window_closed.fbx using Guid(937b97f0c455f479999aebb384dc6600) Importer(815301076,1909f56bfc062723c751e8b465ee728b) [PhysX] Initialized MultithreadedTaskDispatcher with 12 workers.
[PhysX] Initialized MultithreadedTaskDispatcher with 12 workers.
[PhysX] Initialized MultithreadedTaskDispatcher with 12 workers.
[PhysX] Initialized MultithreadedTaskDispatcher with 12 workers.
 -> (artifact id: '63561ed67fc29c8dd436c6bffc6077b2') in 0.006813 seconds
Number of updated asset objects reloaded before import = 0
Number of asset objects unloaded after import = 9
========================================================================
Received Import Request.
  Time since last request: 0.000024 seconds.
  path: Assets/Art/KayKit_Restaurant_Bits_1.0_FREE/Assets/fbx (unity)/wall_orderwindow.fbx
  artifactKey: Guid(e998eafef590644d0813914e300eb9ac) Importer(815301076,1909f56bfc062723c751e8b465ee728b)
Start importing Assets/Art/KayKit_Restaurant_Bits_1.0_FREE/Assets/fbx (unity)/wall_orderwindow.fbx using Guid(e998eafef590644d0813914e300eb9ac) Importer(815301076,1909f56bfc062723c751e8b465ee728b) [PhysX] Initialized MultithreadedTaskDispatcher with 12 workers.
[PhysX] Initialized MultithreadedTaskDispatcher with 12 workers.
[PhysX] Initialized MultithreadedTaskDispatcher with 12 workers.
[PhysX] Initialized MultithreadedTaskDispatcher with 12 workers.
 -> (artifact id: '50687d5b0c64eb384394f0845db3eddf') in 0.006001 seconds
Number of updated asset objects reloaded before import = 0
Number of asset objects unloaded after import = 9
========================================================================
Received Import Request.
  Time since last request: 0.000043 seconds.
  path: Assets/Art/KayKit_Restaurant_Bits_1.0_FREE/Assets/fbx (unity)/wall_half.fbx
  artifactKey: Guid(67e7d6414dc0c44218557172961ac298) Importer(815301076,1909f56bfc062723c751e8b465ee728b)
Start importing Assets/Art/KayKit_Restaurant_Bits_1.0_FREE/Assets/fbx (unity)/wall_half.fbx using Guid(67e7d6414dc0c44218557172961ac298) Importer(815301076,1909f56bfc062723c751e8b465ee728b) [PhysX] Initialized MultithreadedTaskDispatcher with 12 workers.
[PhysX] Initialized MultithreadedTaskDispatcher with 12 workers.
[PhysX] Initialized MultithreadedTaskDispatcher with 12 workers.
[PhysX] Initialized MultithreadedTaskDispatcher with 12 workers.
 -> (artifact id: '93fcffb246015b81a15fd33133c70a48') in 0.005790 seconds
Number of updated asset objects reloaded before import = 0
Number of asset objects unloaded after import = 9
========================================================================
Received Import Request.
  Time since last request: 0.000051 seconds.
  path: Assets/Art/KayKit_Restaurant_Bits_1.0_FREE/Assets/fbx (unity)/stove_multi.fbx
  artifactKey: Guid(3c77171c7342b4d79b00c0b0150eab12) Importer(815301076,1909f56bfc062723c751e8b465ee728b)
Start importing Assets/Art/KayKit_Restaurant_Bits_1.0_FREE/Assets/fbx (unity)/stove_multi.fbx using Guid(3c77171c7342b4d79b00c0b0150eab12) Importer(815301076,1909f56bfc062723c751e8b465ee728b) [PhysX] Initialized MultithreadedTaskDispatcher with 12 workers.
[PhysX] Initialized MultithreadedTaskDispatcher with 12 workers.
[PhysX] Initialized MultithreadedTaskDispatcher with 12 workers.
[PhysX] Initialized MultithreadedTaskDispatcher with 12 workers.
 -> (artifact id: '01a0d967ed130a4f2cabaacf8a52dfdf') in 0.005580 seconds
Number of updated asset objects reloaded before import = 0
Number of asset objects unloaded after import = 9
========================================================================
Received Import Request.
  Time since last request: 0.000027 seconds.
  path: Assets/Art/KayKit_Restaurant_Bits_1.0_FREE/Assets/fbx (unity)/pot_large.fbx
  artifactKey: Guid(3457c9559ab2c43d6ac4ac0a81702fc9) Importer(815301076,1909f56bfc062723c751e8b465ee728b)
Start importing Assets/Art/KayKit_Restaurant_Bits_1.0_FREE/Assets/fbx (unity)/pot_large.fbx using Guid(3457c9559ab2c43d6ac4ac0a81702fc9) Importer(815301076,1909f56bfc062723c751e8b465ee728b) [PhysX] Initialized MultithreadedTaskDispatcher with 12 workers.
[PhysX] Initialized MultithreadedTaskDispatcher with 12 workers.
[PhysX] Initialized MultithreadedTaskDispatcher with 12 workers.
[PhysX] Initialized MultithreadedTaskDispatcher with 12 workers.
 -> (artifact id: '52cbf1b1c682ec90d2800a66c19d47e2') in 0.005625 seconds
Number of updated asset objects reloaded before import = 0
Number of asset objects unloaded after import = 9
========================================================================
Received Import Request.
  Time since last request: 0.001834 seconds.
  path: Assets/Art/KayKit_Restaurant_Bits_1.0_FREE/Assets/fbx (unity)/wall_window_open.fbx
  artifactKey: Guid(febf2b90cb4c24ef6a16d2ea9c5b3dc4) Importer(815301076,1909f56bfc062723c751e8b465ee728b)
Start importing Assets/Art/KayKit_Restaurant_Bits_1.0_FREE/Assets/fbx (unity)/wall_window_open.fbx using Guid(febf2b90cb4c24ef6a16d2ea9c5b3dc4) Importer(815301076,1909f56bfc062723c751e8b465ee728b) [PhysX] Initialized MultithreadedTaskDispatcher with 12 workers.
[PhysX] Initialized MultithreadedTaskDispatcher with 12 workers.
[PhysX] Initialized MultithreadedTaskDispatcher with 12 workers.
[PhysX] Initialized MultithreadedTaskDispatcher with 12 workers.
 -> (artifact id: 'bebb2bc7861e96f3bbf6b04cd11b96a3') in 0.005891 seconds
Number of updated asset objects reloaded before import = 0
Number of asset objects unloaded after import = 9
